------------------------------------------------------------
TimeQuest Timing Analyzer Summary
------------------------------------------------------------

Type  : Slow 1200mV 85C Model Setup 'CLK50M'
Slack : -11.017
TNS   : -2901.982

Type  : Slow 1200mV 85C Model Hold 'CLK50M'
Slack : 0.207
TNS   : 0.000

Type  : Slow 1200mV 85C Model Recovery 'CLK50M'
Slack : -1.577
TNS   : -1065.407

Type  : Slow 1200mV 85C Model Removal 'CLK50M'
Slack : 1.745
TNS   : 0.000

Type  : Slow 1200mV 85C Model Minimum Pulse Width 'CLK50M'
Slack : -3.000
TNS   : -874.568

Type  : Slow 1200mV 0C Model Setup 'CLK50M'
Slack : -9.597
TNS   : -2520.714

Type  : Slow 1200mV 0C Model Hold 'CLK50M'
Slack : 0.182
TNS   : 0.000

Type  : Slow 1200mV 0C Model Recovery 'CLK50M'
Slack : -1.302
TNS   : -863.530

Type  : Slow 1200mV 0C Model Removal 'CLK50M'
Slack : 1.534
TNS   : 0.000

Type  : Slow 1200mV 0C Model Minimum Pulse Width 'CLK50M'
Slack : -3.000
TNS   : -874.568

Type  : Fast 1200mV 0C Model Setup 'CLK50M'
Slack : -5.786
TNS   : -1267.640

Type  : Fast 1200mV 0C Model Hold 'CLK50M'
Slack : 0.108
TNS   : 0.000

Type  : Fast 1200mV 0C Model Recovery 'CLK50M'
Slack : -0.512
TNS   : -298.435

Type  : Fast 1200mV 0C Model Removal 'CLK50M'
Slack : 1.014
TNS   : 0.000

Type  : Fast 1200mV 0C Model Minimum Pulse Width 'CLK50M'
Slack : -3.000
TNS   : -875.325

------------------------------------------------------------
